dev\app\tasks\notifications\NotifyRepository.class
dev\app\tasks\users\UserController.class
dev\app\tasks\notifications\NotifyService.class
dev\app\tasks\weather\WeatherController.class
dev\app\tasks\TaskController.class
dev\app\tasks\CorsConfig.class
dev\app\tasks\Task.class
dev\app\tasks\WebSocketConfig.class
dev\app\tasks\collaborations\CollaborationsService.class
dev\app\tasks\weather\WeatherResponse.class
dev\app\tasks\notifications\InviteRequest.class
dev\app\tasks\TaskRepository.class
dev\app\tasks\TaskService.class
dev\app\tasks\weather\WeatherService.class
dev\app\tasks\collaborations\CollaborationsRepository.class
dev\app\tasks\collaborations\CollaborationsController.class
dev\app\tasks\notifications\NotifyController.class
dev\app\tasks\weather\City.class
dev\app\tasks\TasksApplication.class
dev\app\tasks\users\PasswordEncript.class
dev\app\tasks\users\UserRepository.class
dev\app\tasks\notifications\Notification.class
dev\app\tasks\CorsConfig$1.class
dev\app\tasks\collaborations\Collaborations.class
dev\app\tasks\users\UserService.class
dev\app\tasks\weather\CurrentWeather.class
dev\app\tasks\users\User.class
