C:\Users\6101267\OneDrive - Softinsa\Documents\GitHub\taskManager\tasks\src\main\java\dev\app\tasks\weather\CurrentWeather.java
C:\Users\6101267\OneDrive - Softinsa\Documents\GitHub\taskManager\tasks\src\main\java\dev\app\tasks\collaborations\Collaborations.java
C:\Users\6101267\OneDrive - Softinsa\Documents\GitHub\taskManager\tasks\src\main\java\dev\app\tasks\WebSocketConfig.java
C:\Users\6101267\OneDrive - Softinsa\Documents\GitHub\taskManager\tasks\src\main\java\dev\app\tasks\notifications\NotifyService.java
C:\Users\6101267\OneDrive - Softinsa\Documents\GitHub\taskManager\tasks\src\main\java\dev\app\tasks\weather\WeatherService.java
C:\Users\6101267\OneDrive - Softinsa\Documents\GitHub\taskManager\tasks\src\main\java\dev\app\tasks\notifications\Notification.java
C:\Users\6101267\OneDrive - Softinsa\Documents\GitHub\taskManager\tasks\src\main\java\dev\app\tasks\collaborations\CollaborationsService.java
C:\Users\6101267\OneDrive - Softinsa\Documents\GitHub\taskManager\tasks\src\main\java\dev\app\tasks\CorsConfig.java
C:\Users\6101267\OneDrive - Softinsa\Documents\GitHub\taskManager\tasks\src\main\java\dev\app\tasks\users\UserRepository.java
C:\Users\6101267\OneDrive - Softinsa\Documents\GitHub\taskManager\tasks\src\main\java\dev\app\tasks\TaskRepository.java
C:\Users\6101267\OneDrive - Softinsa\Documents\GitHub\taskManager\tasks\src\main\java\dev\app\tasks\notifications\NotifyRepository.java
C:\Users\6101267\OneDrive - Softinsa\Documents\GitHub\taskManager\tasks\src\main\java\dev\app\tasks\users\UserService.java
C:\Users\6101267\OneDrive - Softinsa\Documents\GitHub\taskManager\tasks\src\main\java\dev\app\tasks\collaborations\CollaborationsRepository.java
C:\Users\6101267\OneDrive - Softinsa\Documents\GitHub\taskManager\tasks\src\main\java\dev\app\tasks\weather\WeatherResponse.java
C:\Users\6101267\OneDrive - Softinsa\Documents\GitHub\taskManager\tasks\src\main\java\dev\app\tasks\users\PasswordEncript.java
C:\Users\6101267\OneDrive - Softinsa\Documents\GitHub\taskManager\tasks\src\main\java\dev\app\tasks\notifications\NotifyController.java
C:\Users\6101267\OneDrive - Softinsa\Documents\GitHub\taskManager\tasks\src\main\java\dev\app\tasks\weather\City.java
C:\Users\6101267\OneDrive - Softinsa\Documents\GitHub\taskManager\tasks\src\main\java\dev\app\tasks\TasksApplication.java
C:\Users\6101267\OneDrive - Softinsa\Documents\GitHub\taskManager\tasks\src\main\java\dev\app\tasks\users\User.java
C:\Users\6101267\OneDrive - Softinsa\Documents\GitHub\taskManager\tasks\src\main\java\dev\app\tasks\notifications\InviteRequest.java
C:\Users\6101267\OneDrive - Softinsa\Documents\GitHub\taskManager\tasks\src\main\java\dev\app\tasks\TaskService.java
C:\Users\6101267\OneDrive - Softinsa\Documents\GitHub\taskManager\tasks\src\main\java\dev\app\tasks\weather\WeatherController.java
C:\Users\6101267\OneDrive - Softinsa\Documents\GitHub\taskManager\tasks\src\main\java\dev\app\tasks\collaborations\CollaborationsController.java
C:\Users\6101267\OneDrive - Softinsa\Documents\GitHub\taskManager\tasks\src\main\java\dev\app\tasks\Task.java
C:\Users\6101267\OneDrive - Softinsa\Documents\GitHub\taskManager\tasks\src\main\java\dev\app\tasks\users\UserController.java
C:\Users\6101267\OneDrive - Softinsa\Documents\GitHub\taskManager\tasks\src\main\java\dev\app\tasks\TaskController.java
